xrun(64): 22.03-s012: (c) Copyright 1995-2023 Cadence Design Systems, Inc.
TOOL:	xrun(64)	22.03-s012: Started on Sep 23, 2026 at 16:16:37 KST
xrun
	-64bit
	+max_err_count+50
	+define+function_sim
	-access +rwc
	-profile
	-profthread
	-gui
	+libext+.v
	../../RTL/uart_top.v
	../TESTBENCH/tb_uart_top.v
	/GPDK045/digital/giolib045_v3.5/vlog/pads_FF_s1vg.v
	/GPDK045/digital/gsclib045_all_v4.4/gsclib045_svt_v4.4/gsclib045/verilog/slow_vdd1v0_basicCells.v
	-l func_sim.log
xmsim: *W,NOMTDGUI: Multi-Threaded Dumping is disabled for interactive debug mode.

-------------------------------------
Relinquished control to SimVision...
xcelium> 
xcelium> source /tools/cadence/XCELIUM2203/tools/xcelium/files/xmsimrc
xcelium> database -open waves -into waves.shm -default
Created default SHM database waves
xcelium> probe -create -shm tb_uart_top.CLK tb_uart_top.RST_N tb_uart_top.UART_RX tb_uart_top.UART_TX
Created probe 1
xcelium> run
Simulation complete via $finish(1) at time 120 NS + 0
../TESTBENCH/tb_uart_top.v:76     $finish;
xcelium> ^C
xcelium> exit
TOOL:	xrun(64)	22.03-s012: Exiting on Sep 23, 2026 at 16:17:42 KST  (total: 00:01:05)
