xmsim(64): 22.03-s012: (c) Copyright 1995-2023 Cadence Design Systems, Inc.

Linux kopo-seongnam 3.10.0-1160.el7.x86_64 #1 SMP Mon Oct 19 16:18:59 UTC 2020 x86_64 80 CPUs, 385372 Meg RAM, 500 hits/sec, (hah011)

	model name:Intel(R) Xeon(R) Gold 5218R CPU @ 2.10GHz
 
	cache size:28160 KB
 
xmelab options:
	-CDSLIB
	./xcelium.d/run.lnx8664.22.03.d/cds.lib
	-HDLVAR
	./xcelium.d/run.lnx8664.22.03.d/hdl.var
	-WORK
	worklib
	-ERROR
	50
	-ENABLE_SVMEMOPT
	+max_err_count+50
	+define+function_sim
	+libext+.v
	-MESSAGES
	-ACCESS
	+rwc
	worklib.tb_uart_top:v
	worklib.PADDB:v
	worklib.PADDOZ:v
	worklib.IORINGDB:v
	worklib.IORINGDI:v
	worklib.IORINGDO:v
	worklib.IORINGDOZ:v
	worklib.udp_dff:v
	worklib.udp_tlat:v
	worklib.udp_rslat:v
	worklib.udp_mux2:v
	worklib.ACHCONX2:v
	worklib.ADDFHX1:v
	worklib.ADDFHX2:v
	worklib.ADDFHX4:v
	worklib.ADDFHXL:v
	worklib.ADDFX1:v
	worklib.ADDFX2:v
	worklib.ADDFX4:v
	worklib.ADDFXL:v
	worklib.ADDHX1:v
	worklib.ADDHX2:v
	worklib.ADDHX4:v
	worklib.ADDHXL:v
	worklib.AND2X1:v
	worklib.AND2X2:v
	worklib.AND2X4:v
	worklib.AND2X6:v
	worklib.AND2X8:v
	worklib.AND2XL:v
	worklib.AND3X1:v
	worklib.AND3X2:v
	worklib.AND3X4:v
	worklib.AND3X6:v
	worklib.AND3X8:v
	worklib.AND3XL:v
	worklib.AND4X1:v
	worklib.AND4X2:v
	worklib.AND4X4:v
	worklib.AND4X6:v
	worklib.AND4X8:v
	worklib.AND4XL:v
	worklib.ANTENNA:v
	worklib.AO21X1:v
	worklib.AO21X2:v
	worklib.AO21X4:v
	worklib.AO21XL:v
	worklib.AO22X1:v
	worklib.AO22X2:v
	worklib.AO22X4:v
	worklib.AO22XL:v
	worklib.AOI211X1:v
	worklib.AOI211X2:v
	worklib.AOI211X4:v
	worklib.AOI211XL:v
	worklib.AOI21X1:v
	worklib.AOI21X2:v
	worklib.AOI21X4:v
	worklib.AOI21XL:v
	worklib.AOI221X1:v
	worklib.AOI221X2:v
	worklib.AOI221X4:v
	worklib.AOI221XL:v
	worklib.AOI222X1:v
	worklib.AOI222X2:v
	worklib.AOI222X4:v
	worklib.AOI222XL:v
	worklib.AOI22X1:v
	worklib.AOI22X2:v
	worklib.AOI22X4:v
	worklib.AOI22XL:v
	worklib.AOI2BB1X1:v
	worklib.AOI2BB1X2:v
	worklib.AOI2BB1X4:v
	worklib.AOI2BB1XL:v
	worklib.AOI2BB2X1:v
	worklib.AOI2BB2X2:v
	worklib.AOI2BB2X4:v
	worklib.AOI2BB2XL:v
	worklib.AOI31X1:v
	worklib.AOI31X2:v
	worklib.AOI31X4:v
	worklib.AOI31XL:v
	worklib.AOI32X1:v
	worklib.AOI32X2:v
	worklib.AOI32X4:v
	worklib.AOI32XL:v
	worklib.AOI33X1:v
	worklib.AOI33X2:v
	worklib.AOI33X4:v
	worklib.AOI33XL:v
	worklib.BMXIX2:v
	worklib.BMXIX4:v
	worklib.BUFX12:v
	worklib.BUFX16:v
	worklib.BUFX2:v
	worklib.BUFX20:v
	worklib.BUFX3:v
	worklib.BUFX4:v
	worklib.BUFX6:v
	worklib.BUFX8:v
	worklib.CLKAND2X12:v
	worklib.CLKAND2X2:v
	worklib.CLKAND2X3:v
	worklib.CLKAND2X4:v
	worklib.CLKAND2X6:v
	worklib.CLKAND2X8:v
	worklib.CLKBUFX12:v
	worklib.CLKBUFX16:v
	worklib.CLKBUFX2:v
	worklib.CLKBUFX20:v
	worklib.CLKBUFX3:v
	worklib.CLKBUFX4:v
	worklib.CLKBUFX6:v
	worklib.CLKBUFX8:v
	worklib.CLKINVX1:v
	worklib.CLKINVX12:v
	worklib.CLKINVX16:v
	worklib.CLKINVX2:v
	worklib.CLKINVX20:v
	worklib.CLKINVX3:v
	worklib.CLKINVX4:v
	worklib.CLKINVX6:v
	worklib.CLKINVX8:v
	worklib.CLKMX2X12:v
	worklib.CLKMX2X2:v
	worklib.CLKMX2X3:v
	worklib.CLKMX2X4:v
	worklib.CLKMX2X6:v
	worklib.CLKMX2X8:v
	worklib.CLKXOR2X1:v
	worklib.CLKXOR2X2:v
	worklib.CLKXOR2X4:v
	worklib.CLKXOR2X8:v
	worklib.DECAP10:v
	worklib.DECAP2:v
	worklib.DECAP3:v
	worklib.DECAP4:v
	worklib.DECAP5:v
	worklib.DECAP6:v
	worklib.DECAP7:v
	worklib.DECAP8:v
	worklib.DECAP9:v
	worklib.DFFHQX1:v
	worklib.DFFHQX2:v
	worklib.DFFHQX4:v
	worklib.DFFHQX8:v
	worklib.DFFNSRX1:v
	worklib.DFFNSRX2:v
	worklib.DFFNSRX4:v
	worklib.DFFNSRXL:v
	worklib.DFFQX1:v
	worklib.DFFQX2:v
	worklib.DFFQX4:v
	worklib.DFFQXL:v
	worklib.DFFRHQX1:v
	worklib.DFFRHQX2:v
	worklib.DFFRHQX4:v
	worklib.DFFRHQX8:v
	worklib.DFFRX1:v
	worklib.DFFRX2:v
	worklib.DFFRX4:v
	worklib.DFFRXL:v
	worklib.DFFSHQX1:v
	worklib.DFFSHQX2:v
	worklib.DFFSHQX4:v
	worklib.DFFSHQX8:v
	worklib.DFFSRHQX1:v
	worklib.DFFSRHQX2:v
	worklib.DFFSRHQX4:v
	worklib.DFFSRHQX8:v
	worklib.DFFSRX1:v
	worklib.DFFSRX2:v
	worklib.DFFSRX4:v
	worklib.DFFSRXL:v
	worklib.DFFSX1:v
	worklib.DFFSX2:v
	worklib.DFFSX4:v
	worklib.DFFSXL:v
	worklib.DFFTRX1:v
	worklib.DFFTRX2:v
	worklib.DFFTRX4:v
	worklib.DFFTRXL:v
	worklib.DFFX1:v
	worklib.DFFX2:v
	worklib.DFFX4:v
	worklib.DFFXL:v
	worklib.DLY1X1:v
	worklib.DLY1X4:v
	worklib.DLY2X1:v
	worklib.DLY2X4:v
	worklib.DLY3X1:v
	worklib.DLY3X4:v
	worklib.DLY4X1:v
	worklib.DLY4X4:v
	worklib.EDFFHQX1:v
	worklib.EDFFHQX2:v
	worklib.EDFFHQX4:v
	worklib.EDFFHQX8:v
	worklib.EDFFTRX1:v
	worklib.EDFFTRX2:v
	worklib.EDFFTRX4:v
	worklib.EDFFTRXL:v
	worklib.EDFFX1:v
	worklib.EDFFX2:v
	worklib.EDFFX4:v
	worklib.EDFFXL:v
	worklib.HOLDX1:v
	worklib.INVX1:v
	worklib.INVX12:v
	worklib.INVX16:v
	worklib.INVX2:v
	worklib.INVX20:v
	worklib.INVX3:v
	worklib.INVX4:v
	worklib.INVX6:v
	worklib.INVX8:v
	worklib.INVXL:v
	worklib.MDFFHQX1:v
	worklib.MDFFHQX2:v
	worklib.MDFFHQX4:v
	worklib.MDFFHQX8:v
	worklib.MX2X1:v
	worklib.MX2X2:v
	worklib.MX2X4:v
	worklib.MX2X6:v
	worklib.MX2X8:v
	worklib.MX2XL:v
	worklib.MX3X1:v
	worklib.MX3X2:v
	worklib.MX3X4:v
	worklib.MX3XL:v
	worklib.MX4X1:v
	worklib.MX4X2:v
	worklib.MX4X4:v
	worklib.MX4XL:v
	worklib.MXI2X1:v
	worklib.MXI2X2:v
	worklib.MXI2X4:v
	worklib.MXI2X6:v
	worklib.MXI2X8:v
	worklib.MXI2XL:v
	worklib.MXI3X1:v
	worklib.MXI3X2:v
	worklib.MXI3X4:v
	worklib.MXI3XL:v
	worklib.MXI4X1:v
	worklib.MXI4X2:v
	worklib.MXI4X4:v
	worklib.MXI4XL:v
	worklib.NAND2BX1:v
	worklib.NAND2BX2:v
	worklib.NAND2BX4:v
	worklib.NAND2BXL:v
	worklib.NAND2X1:v
	worklib.NAND2X2:v
	worklib.NAND2X4:v
	worklib.NAND2X6:v
	worklib.NAND2X8:v
	worklib.NAND2XL:v
	worklib.NAND3BX1:v
	worklib.NAND3BX2:v
	worklib.NAND3BX4:v
	worklib.NAND3BXL:v
	worklib.NAND3X1:v
	worklib.NAND3X2:v
	worklib.NAND3X4:v
	worklib.NAND3X6:v
	worklib.NAND3X8:v
	worklib.NAND3XL:v
	worklib.NAND4BBX1:v
	worklib.NAND4BBX2:v
	worklib.NAND4BBX4:v
	worklib.NAND4BBXL:v
	worklib.NAND4BX1:v
	worklib.NAND4BX2:v
	worklib.NAND4BX4:v
	worklib.NAND4BXL:v
	worklib.NAND4X1:v
	worklib.NAND4X2:v
	worklib.NAND4X4:v
	worklib.NAND4X6:v
	worklib.NAND4X8:v
	worklib.NAND4XL:v
	worklib.NOR2BX1:v
	worklib.NOR2BX2:v
	worklib.NOR2BX4:v
	worklib.NOR2BXL:v
	worklib.NOR2X1:v
	worklib.NOR2X2:v
	worklib.NOR2X4:v
	worklib.NOR2X6:v
	worklib.NOR2X8:v
	worklib.NOR2XL:v
	worklib.NOR3BX1:v
	worklib.NOR3BX2:v
	worklib.NOR3BX4:v
	worklib.NOR3BXL:v
	worklib.NOR3X1:v
	worklib.NOR3X2:v
	worklib.NOR3X4:v
	worklib.NOR3X6:v
	worklib.NOR3X8:v
	worklib.NOR3XL:v
	worklib.NOR4BBX1:v
	worklib.NOR4BBX2:v
	worklib.NOR4BBX4:v
	worklib.NOR4BBXL:v
	worklib.NOR4BX1:v
	worklib.NOR4BX2:v
	worklib.NOR4BX4:v
	worklib.NOR4BXL:v
	worklib.NOR4X1:v
	worklib.NOR4X2:v
	worklib.NOR4X4:v
	worklib.NOR4X6:v
	worklib.NOR4X8:v
	worklib.NOR4XL:v
	worklib.OA21X1:v
	worklib.OA21X2:v
	worklib.OA21X4:v
	worklib.OA21XL:v
	worklib.OA22X1:v
	worklib.OA22X2:v
	worklib.OA22X4:v
	worklib.OA22XL:v
	worklib.OAI211X1:v
	worklib.OAI211X2:v
	worklib.OAI211X4:v
	worklib.OAI211XL:v
	worklib.OAI21X1:v
	worklib.OAI21X2:v
	worklib.OAI21X4:v
	worklib.OAI21XL:v
	worklib.OAI221X1:v
	worklib.OAI221X2:v
	worklib.OAI221X4:v
	worklib.OAI221XL:v
	worklib.OAI222X1:v
	worklib.OAI222X2:v
	worklib.OAI222X4:v
	worklib.OAI222XL:v
	worklib.OAI22X1:v
	worklib.OAI22X2:v
	worklib.OAI22X4:v
	worklib.OAI22XL:v
	worklib.OAI2BB1X1:v
	worklib.OAI2BB1X2:v
	worklib.OAI2BB1X4:v
	worklib.OAI2BB1XL:v
	worklib.OAI2BB2X1:v
	worklib.OAI2BB2X2:v
	worklib.OAI2BB2X4:v
	worklib.OAI2BB2XL:v
	worklib.OAI31X1:v
	worklib.OAI31X2:v
	worklib.OAI31X4:v
	worklib.OAI31XL:v
	worklib.OAI32X1:v
	worklib.OAI32X2:v
	worklib.OAI32X4:v
	worklib.OAI32XL:v
	worklib.OAI33X1:v
	worklib.OAI33X2:v
	worklib.OAI33X4:v
	worklib.OAI33XL:v
	worklib.OR2X1:v
	worklib.OR2X2:v
	worklib.OR2X4:v
	worklib.OR2X6:v
	worklib.OR2X8:v
	worklib.OR2XL:v
	worklib.OR3X1:v
	worklib.OR3X2:v
	worklib.OR3X4:v
	worklib.OR3X6:v
	worklib.OR3X8:v
	worklib.OR3XL:v
	worklib.OR4X1:v
	worklib.OR4X2:v
	worklib.OR4X4:v
	worklib.OR4X6:v
	worklib.OR4X8:v
	worklib.OR4XL:v
	worklib.SDFFHQX1:v
	worklib.SDFFHQX2:v
	worklib.SDFFHQX4:v
	worklib.SDFFHQX8:v
	worklib.SDFFNSRX1:v
	worklib.SDFFNSRX2:v
	worklib.SDFFNSRX4:v
	worklib.SDFFNSRXL:v
	worklib.SDFFQX1:v
	worklib.SDFFQX2:v
	worklib.SDFFQX4:v
	worklib.SDFFQXL:v
	worklib.SDFFRHQX1:v
	worklib.SDFFRHQX2:v
	worklib.SDFFRHQX4:v
	worklib.SDFFRHQX8:v
	worklib.SDFFRX1:v
	worklib.SDFFRX2:v
	worklib.SDFFRX4:v
	worklib.SDFFRXL:v
	worklib.SDFFSHQX1:v
	worklib.SDFFSHQX2:v
	worklib.SDFFSHQX4:v
	worklib.SDFFSHQX8:v
	worklib.SDFFSRHQX1:v
	worklib.SDFFSRHQX2:v
	worklib.SDFFSRHQX4:v
	worklib.SDFFSRHQX8:v
	worklib.SDFFSRX1:v
	worklib.SDFFSRX2:v
	worklib.SDFFSRX4:v
	worklib.SDFFSRXL:v
	worklib.SDFFSX1:v
	worklib.SDFFSX2:v
	worklib.SDFFSX4:v
	worklib.SDFFSXL:v
	worklib.SDFFTRX1:v
	worklib.SDFFTRX2:v
	worklib.SDFFTRX4:v
	worklib.SDFFTRXL:v
	worklib.SDFFX1:v
	worklib.SDFFX2:v
	worklib.SDFFX4:v
	worklib.SDFFXL:v
	worklib.SEDFFHQX1:v
	worklib.SEDFFHQX2:v
	worklib.SEDFFHQX4:v
	worklib.SEDFFHQX8:v
	worklib.SEDFFTRX1:v
	worklib.SEDFFTRX2:v
	worklib.SEDFFTRX4:v
	worklib.SEDFFTRXL:v
	worklib.SEDFFX1:v
	worklib.SEDFFX2:v
	worklib.SEDFFX4:v
	worklib.SEDFFXL:v
	worklib.SMDFFHQX1:v
	worklib.SMDFFHQX2:v
	worklib.SMDFFHQX4:v
	worklib.SMDFFHQX8:v
	worklib.TBUFX1:v
	worklib.TBUFX12:v
	worklib.TBUFX16:v
	worklib.TBUFX2:v
	worklib.TBUFX20:v
	worklib.TBUFX3:v
	worklib.TBUFX4:v
	worklib.TBUFX6:v
	worklib.TBUFX8:v
	worklib.TBUFXL:v
	worklib.TIEHI:v
	worklib.TIELO:v
	worklib.TLATNCAX12:v
	worklib.TLATNCAX16:v
	worklib.TLATNCAX2:v
	worklib.TLATNCAX20:v
	worklib.TLATNCAX3:v
	worklib.TLATNCAX4:v
	worklib.TLATNCAX6:v
	worklib.TLATNCAX8:v
	worklib.TLATNSRX1:v
	worklib.TLATNSRX2:v
	worklib.TLATNSRX4:v
	worklib.TLATNSRXL:v
	worklib.TLATNTSCAX12:v
	worklib.TLATNTSCAX16:v
	worklib.TLATNTSCAX2:v
	worklib.TLATNTSCAX20:v
	worklib.TLATNTSCAX3:v
	worklib.TLATNTSCAX4:v
	worklib.TLATNTSCAX6:v
	worklib.TLATNTSCAX8:v
	worklib.TLATNX1:v
	worklib.TLATNX2:v
	worklib.TLATNX4:v
	worklib.TLATNXL:v
	worklib.TLATSRX1:v
	worklib.TLATSRX2:v
	worklib.TLATSRX4:v
	worklib.TLATSRXL:v
	worklib.TLATX1:v
	worklib.TLATX2:v
	worklib.TLATX4:v
	worklib.TLATXL:v
	worklib.XNOR2X1:v
	worklib.XNOR2X2:v
	worklib.XNOR2X4:v
	worklib.XNOR2XL:v
	worklib.XNOR3X1:v
	worklib.XNOR3XL:v
	worklib.XOR2X1:v
	worklib.XOR2X2:v
	worklib.XOR2X4:v
	worklib.XOR2XL:v
	worklib.XOR3X1:v
	worklib.XOR3XL:v
	worklib.altos_dff_sr_0:v
	worklib.altos_latch_r:v
	worklib.altos_latch_sr_0:v
	worklib.altos_latch_sr_1:v

Profiled Intervals: 
 #Id                                PBSR Info               #start                  #stop             #start_CPU          #stop_CPU               #CPS
[ 1]                                                          0 NS   to            120 NS                 0.1204             1.3644            96.4689

Memory Usage - 46.8M program + 70.7M data + 2.0M profile = 119.5M total
CPU Usage - 0.9s system + 0.8s user = 1.7s total (2.2% cpu)

License Acquisition Time - 0.0s
Snapshot Loading: CPU Usage - 0.0s system + 0.1s user = 0.1s total (6.6s, 1.5% cpu)

Derived hit_rate: 438 hps

------------------------------------------------------------
Stream Counts (546 hits total)
------------------------------------------------------------
%hits #hits  #inst  name
 93.8   512 [     ] outside engine
  1.3     7 [     ] Verilog: Fetch Integer Attributes
  1.3     7 [     ] Verilog: Object Name Resolution
  0.9     5 [     ] SHM Waveform Dump Setup
  0.9     5 [     ] Verilog: Design Traversal
  0.5     3 [     ] tcl_functions
  0.5     3 [     ] Verilog: Fetch String Attributes
  0.4     2 [     ] simulation setup time 
  0.4     2 [     ] Verilog: Design Traversal Support

------------------------------------------------------------
Most Active Modules (behavioral)
------------------------------------------------------------
%hits #hits  #inst  name

------------------------------------------------------------
Stream Type Summary Counts (546 hits total)
------------------------------------------------------------
%hits #hits  #inst  name
 93.8   512 [     ] Outside engine 
  4.4    24 [     ] HDL C interface 
  0.9     5 [     ] Waveform Dump 
  0.5     3 [     ] TCL Functions 
  0.4     2 [     ] Simulation Setup Time 

------------------------------------------------------------
Technology-wise Summary Counts (546 hits total)
------------------------------------------------------------
%hits #hits  name
 94.1   514 Miscellaneous 
  5.3    29 Analysis 
  0.5     3 TB/SV 

